lib/auth.ts(113,23): error TS2352: Conversion of type 'Record<string, unknown> | undefined' to type 'SignUpMetadata' may be a mistake because neither type sufficiently overlaps with the other. If this was intentional, convert the expression to 'unknown' first.
  Type 'Record<string, unknown>' is missing the following properties from type 'SignUpMetadata': role, name, phone
lib/auth.ts(133,23): error TS2352: Conversion of type 'Record<string, unknown> | undefined' to type 'SignUpMetadata' may be a mistake because neither type sufficiently overlaps with the other. If this was intentional, convert the expression to 'unknown' first.
  Type 'Record<string, unknown>' is missing the following properties from type 'SignUpMetadata': role, name, phone
lib/supabase/middleware.ts(15,16): error TS7006: Parameter 'cookiesToSet' implicitly has an 'any' type.
lib/supabase/middleware.ts(16,35): error TS7031: Binding element 'name' implicitly has an 'any' type.
lib/supabase/middleware.ts(16,41): error TS7031: Binding element 'value' implicitly has an 'any' type.
lib/supabase/middleware.ts(16,48): error TS7031: Binding element 'options' implicitly has an 'any' type.
lib/supabase/server.ts(15,16): error TS7006: Parameter 'cookiesToSet' implicitly has an 'any' type.
lib/supabase/server.ts(17,37): error TS7031: Binding element 'name' implicitly has an 'any' type.
lib/supabase/server.ts(17,43): error TS7031: Binding element 'value' implicitly has an 'any' type.
lib/supabase/server.ts(17,50): error TS7031: Binding element 'options' implicitly has an 'any' type.
next.config.ts(5,5): error TS2353: Object literal may only specify known properties, and 'turbo' does not exist in type 'ExperimentalConfig'.
